Archive member included to satisfy reference by file (symbol)

D:/Installed Programs/STM32CubeIDE_1.13.2/STM32CubeIDE/plugins/com.st.stm32cube.ide.mcu.externaltools.gnu-tools-for-stm32.11.3.rel1.win32_1.1.1.202309131626/tools/bin/../lib/gcc/arm-none-eabi/11.3.1/../../../../arm-none-eabi/lib/thumb/v7e-m+fp/hard\librdimon_nano.a(rdimon-syscalls.o)
                              D:/Installed Programs/STM32CubeIDE_1.13.2/STM32CubeIDE/plugins/com.st.stm32cube.ide.mcu.externaltools.gnu-tools-for-stm32.11.3.rel1.win32_1.1.1.202309131626/tools/bin/../lib/gcc/arm-none-eabi/11.3.1/../../../../arm-none-eabi/lib/thumb/v7e-m+fp/hard/rdimon-crt0.o (initialise_monitor_handles)
D:/Installed Programs/STM32CubeIDE_1.13.2/STM32CubeIDE/plugins/com.st.stm32cube.ide.mcu.externaltools.gnu-tools-for-stm32.11.3.rel1.win32_1.1.1.202309131626/tools/bin/../lib/gcc/arm-none-eabi/11.3.1/../../../../arm-none-eabi/lib/thumb/v7e-m+fp/hard\libc_nano.a(libc_a-exit.o)
                              D:/Installed Programs/STM32CubeIDE_1.13.2/STM32CubeIDE/plugins/com.st.stm32cube.ide.mcu.externaltools.gnu-tools-for-stm32.11.3.rel1.win32_1.1.1.202309131626/tools/bin/../lib/gcc/arm-none-eabi/11.3.1/../../../../arm-none-eabi/lib/thumb/v7e-m+fp/hard/rdimon-crt0.o (exit)
D:/Installed Programs/STM32CubeIDE_1.13.2/STM32CubeIDE/plugins/com.st.stm32cube.ide.mcu.externaltools.gnu-tools-for-stm32.11.3.rel1.win32_1.1.1.202309131626/tools/bin/../lib/gcc/arm-none-eabi/11.3.1/../../../../arm-none-eabi/lib/thumb/v7e-m+fp/hard\libc_nano.a(libc_a-findfp.o)
                              D:/Installed Programs/STM32CubeIDE_1.13.2/STM32CubeIDE/plugins/com.st.stm32cube.ide.mcu.externaltools.gnu-tools-for-stm32.11.3.rel1.win32_1.1.1.202309131626/tools/bin/../lib/gcc/arm-none-eabi/11.3.1/../../../../arm-none-eabi/lib/thumb/v7e-m+fp/hard\librdimon_nano.a(rdimon-syscalls.o) (__sinit)
D:/Installed Programs/STM32CubeIDE_1.13.2/STM32CubeIDE/plugins/com.st.stm32cube.ide.mcu.externaltools.gnu-tools-for-stm32.11.3.rel1.win32_1.1.1.202309131626/tools/bin/../lib/gcc/arm-none-eabi/11.3.1/../../../../arm-none-eabi/lib/thumb/v7e-m+fp/hard\libc_nano.a(libc_a-fwalk.o)
                              D:/Installed Programs/STM32CubeIDE_1.13.2/STM32CubeIDE/plugins/com.st.stm32cube.ide.mcu.externaltools.gnu-tools-for-stm32.11.3.rel1.win32_1.1.1.202309131626/tools/bin/../lib/gcc/arm-none-eabi/11.3.1/../../../../arm-none-eabi/lib/thumb/v7e-m+fp/hard\libc_nano.a(libc_a-findfp.o) (_fwalk_sglue)
D:/Installed Programs/STM32CubeIDE_1.13.2/STM32CubeIDE/plugins/com.st.stm32cube.ide.mcu.externaltools.gnu-tools-for-stm32.11.3.rel1.win32_1.1.1.202309131626/tools/bin/../lib/gcc/arm-none-eabi/11.3.1/../../../../arm-none-eabi/lib/thumb/v7e-m+fp/hard\libc_nano.a(libc_a-stdio.o)
                              D:/Installed Programs/STM32CubeIDE_1.13.2/STM32CubeIDE/plugins/com.st.stm32cube.ide.mcu.externaltools.gnu-tools-for-stm32.11.3.rel1.win32_1.1.1.202309131626/tools/bin/../lib/gcc/arm-none-eabi/11.3.1/../../../../arm-none-eabi/lib/thumb/v7e-m+fp/hard\libc_nano.a(libc_a-findfp.o) (__sread)
D:/Installed Programs/STM32CubeIDE_1.13.2/STM32CubeIDE/plugins/com.st.stm32cube.ide.mcu.externaltools.gnu-tools-for-stm32.11.3.rel1.win32_1.1.1.202309131626/tools/bin/../lib/gcc/arm-none-eabi/11.3.1/../../../../arm-none-eabi/lib/thumb/v7e-m+fp/hard\libc_nano.a(libc_a-memset.o)
                              D:/Installed Programs/STM32CubeIDE_1.13.2/STM32CubeIDE/plugins/com.st.stm32cube.ide.mcu.externaltools.gnu-tools-for-stm32.11.3.rel1.win32_1.1.1.202309131626/tools/bin/../lib/gcc/arm-none-eabi/11.3.1/../../../../arm-none-eabi/lib/thumb/v7e-m+fp/hard/rdimon-crt0.o (memset)
D:/Installed Programs/STM32CubeIDE_1.13.2/STM32CubeIDE/plugins/com.st.stm32cube.ide.mcu.externaltools.gnu-tools-for-stm32.11.3.rel1.win32_1.1.1.202309131626/tools/bin/../lib/gcc/arm-none-eabi/11.3.1/../../../../arm-none-eabi/lib/thumb/v7e-m+fp/hard\libc_nano.a(libc_a-closer.o)
                              D:/Installed Programs/STM32CubeIDE_1.13.2/STM32CubeIDE/plugins/com.st.stm32cube.ide.mcu.externaltools.gnu-tools-for-stm32.11.3.rel1.win32_1.1.1.202309131626/tools/bin/../lib/gcc/arm-none-eabi/11.3.1/../../../../arm-none-eabi/lib/thumb/v7e-m+fp/hard\libc_nano.a(libc_a-stdio.o) (_close_r)
D:/Installed Programs/STM32CubeIDE_1.13.2/STM32CubeIDE/plugins/com.st.stm32cube.ide.mcu.externaltools.gnu-tools-for-stm32.11.3.rel1.win32_1.1.1.202309131626/tools/bin/../lib/gcc/arm-none-eabi/11.3.1/../../../../arm-none-eabi/lib/thumb/v7e-m+fp/hard\libc_nano.a(libc_a-reent.o)
                              D:/Installed Programs/STM32CubeIDE_1.13.2/STM32CubeIDE/plugins/com.st.stm32cube.ide.mcu.externaltools.gnu-tools-for-stm32.11.3.rel1.win32_1.1.1.202309131626/tools/bin/../lib/gcc/arm-none-eabi/11.3.1/../../../../arm-none-eabi/lib/thumb/v7e-m+fp/hard\libc_nano.a(libc_a-closer.o) (errno)
[...]
Memory Configuration

Name             Origin             Length             Attributes
RAM              0x0000000020000000 0x0000000000010000 xrw
FLASH            0x0000000008000000 0x0000000000040000 xr
*default*        0x0000000000000000 0xffffffffffffffff

Linker script and memory map

LOAD D:/Installed Programs/STM32CubeIDE_1.13.2/STM32CubeIDE/plugins/com.st.stm32cube.ide.mcu.externaltools.gnu-tools-for-stm32.11.3.rel1.win32_1.1.1.202309131626/tools/bin/../lib/gcc/arm-none-eabi/11.3.1/thumb/v7e-m+fp/hard/crti.o
LOAD D:/Installed Programs/STM32CubeIDE_1.13.2/STM32CubeIDE/plugins/com.st.stm32cube.ide.mcu.externaltools.gnu-tools-for-stm32.11.3.rel1.win32_1.1.1.202309131626/tools/bin/../lib/gcc/arm-none-eabi/11.3.1/thumb/v7e-m+fp/hard/crtbegin.o
LOAD D:/Installed Programs/STM32CubeIDE_1.13.2/STM32CubeIDE/plugins/com.st.stm32cube.ide.mcu.externaltools.gnu-tools-for-stm32.11.3.rel1.win32_1.1.1.202309131626/tools/bin/../lib/gcc/arm-none-eabi/11.3.1/../../../../arm-none-eabi/lib/thumb/v7e-m+fp/hard/rdimon-crt0.o
LOAD ./Src/HAL/BUTTON/BUTTON_Lcfg.o
LOAD ./Src/HAL/BUTTON/BUTTON_program.o
LOAD ./Src/HAL/LED/LED_LCFG.o
LOAD ./Src/HAL/LED/LED_program.o
LOAD ./Src/HAL/LEDMAT/LEDMAT_LCFG.o
LOAD ./Src/HAL/LEDMAT/LEDMAT_font.o
LOAD ./Src/HAL/LEDMAT/LEDMAT_program.o
LOAD ./Src/MCAL/EXTI/EXTI_Lcfg.o
LOAD ./Src/MCAL/EXTI/EXTI_program.o
LOAD ./Src/MCAL/GPIO/GPIO_program.o
LOAD ./Src/MCAL/NVIC/NVIC_program.o
LOAD ./Src/MCAL/RCC/RCC_program.o
LOAD ./Src/MCAL/SCB/SCB_program.o
LOAD ./Src/MCAL/SYSTICK/SYSTICK_program.o
LOAD ./Src/main.o
LOAD ./Src/sysmem.o
LOAD ./Startup/System_Init.o
LOAD ./Startup/startup_stm32f401ccux.o
LOAD D:/Installed Programs/STM32CubeIDE_1.13.2/STM32CubeIDE/plugins/com.st.stm32cube.ide.mcu.externaltools.gnu-tools-for-stm32.11.3.rel1.win32_1.1.1.202309131626/tools/bin/../lib/gcc/arm-none-eabi/11.3.1/../../../../arm-none-eabi/lib/thumb/v7e-m+fp/hard\librdimon_nano.a
START GROUP
LOAD D:/Installed Programs/STM32CubeIDE_1.13.2/STM32CubeIDE/plugins/com.st.stm32cube.ide.mcu.externaltools.gnu-tools-for-stm32.11.3.rel1.win32_1.1.1.202309131626/tools/bin/../lib/gcc/arm-none-eabi/11.3.1/../../../../arm-none-eabi/lib/thumb/v7e-m+fp/hard\libc_nano.a
LOAD D:/Installed Programs/STM32CubeIDE_1.13.2/STM32CubeIDE/plugins/com.st.stm32cube.ide.mcu.externaltools.gnu-tools-for-stm32.11.3.rel1.win32_1.1.1.202309131626/tools/bin/../lib/gcc/arm-none-eabi/11.3.1/../../../../arm-none-eabi/lib/thumb/v7e-m+fp/hard\libm.a
END GROUP
START GROUP
LOAD D:/Installed Programs/STM32CubeIDE_1.13.2/STM32CubeIDE/plugins/com.st.stm32cube.ide.mcu.externaltools.gnu-tools-for-stm32.11.3.rel1.win32_1.1.1.202309131626/tools/bin/../lib/gcc/arm-none-eabi/11.3.1/thumb/v7e-m+fp/hard\libgcc.a
LOAD D:/Installed Programs/STM32CubeIDE_1.13.2/STM32CubeIDE/plugins/com.st.stm32cube.ide.mcu.externaltools.gnu-tools-for-stm32.11.3.rel1.win32_1.1.1.202309131626/tools/bin/../lib/gcc/arm-none-eabi/11.3.1/../../../../arm-none-eabi/lib/thumb/v7e-m+fp/hard\libc_nano.a
END GROUP
START GROUP
LOAD D:/Installed Programs/STM32CubeIDE_1.13.2/STM32CubeIDE/plugins/com.st.stm32cube.ide.mcu.externaltools.gnu-tools-for-stm32.11.3.rel1.win32_1.1.1.202309131626/tools/bin/../lib/gcc/arm-none-eabi/11.3.1/thumb/v7e-m+fp/hard\libgcc.a
LOAD D:/Installed Programs/STM32CubeIDE_1.13.2/STM32CubeIDE/plugins/com.st.stm32cube.ide.mcu.externaltools.gnu-tools-for-stm32.11.3.rel1.win32_1.1.1.202309131626/tools/bin/../lib/gcc/arm-none-eabi/11.3.1/../../../../arm-none-eabi/lib/thumb/v7e-m+fp/hard\libc_nano.a
LOAD D:/Installed Programs/STM32CubeIDE_1.13.2/STM32CubeIDE/plugins/com.st.stm32cube.ide.mcu.externaltools.gnu-tools-for-stm32.11.3.rel1.win32_1.1.1.202309131626/tools/bin/../lib/gcc/arm-none-eabi/11.3.1/../../../../arm-none-eabi/lib/thumb/v7e-m+fp/hard\libnosys.a
END GROUP
START GROUP
LOAD D:/Installed Programs/STM32CubeIDE_1.13.2/STM32CubeIDE/plugins/com.st.stm32cube.ide.mcu.externaltools.gnu-tools-for-stm32.11.3.rel1.win32_1.1.1.202309131626/tools/bin/../lib/gcc/arm-none-eabi/11.3.1/thumb/v7e-m+fp/hard\libgcc.a
LOAD D:/Installed Programs/STM32CubeIDE_1.13.2/STM32CubeIDE/plugins/com.st.stm32cube.ide.mcu.externaltools.gnu-tools-for-stm32.11.3.rel1.win32_1.1.1.202309131626/tools/bin/../lib/gcc/arm-none-eabi/11.3.1/../../../../arm-none-eabi/lib/thumb/v7e-m+fp/hard\libc_nano.a
LOAD D:/Installed Programs/STM32CubeIDE_1.13.2/STM32CubeIDE/plugins/com.st.stm32cube.ide.mcu.externaltools.gnu-tools-for-stm32.11.3.rel1.win32_1.1.1.202309131626/tools/bin/../lib/gcc/arm-none-eabi/11.3.1/../../../../arm-none-eabi/lib/thumb/v7e-m+fp/hard\librdimon_nano.a
END GROUP
START GROUP
LOAD D:/Installed Programs/STM32CubeIDE_1.13.2/STM32CubeIDE/plugins/com.st.stm32cube.ide.mcu.externaltools.gnu-tools-for-stm32.11.3.rel1.win32_1.1.1.202309131626/tools/bin/../lib/gcc/arm-none-eabi/11.3.1/thumb/v7e-m+fp/hard\libgcc.a
LOAD D:/Installed Programs/STM32CubeIDE_1.13.2/STM32CubeIDE/plugins/com.st.stm32cube.ide.mcu.externaltools.gnu-tools-for-stm32.11.3.rel1.win32_1.1.1.202309131626/tools/bin/../lib/gcc/arm-none-eabi/11.3.1/../../../../arm-none-eabi/lib/thumb/v7e-m+fp/hard\libc_nano.a
LOAD D:/Installed Programs/STM32CubeIDE_1.13.2/STM32CubeIDE/plugins/com.st.stm32cube.ide.mcu.externaltools.gnu-tools-for-stm32.11.3.rel1.win32_1.1.1.202309131626/tools/bin/../lib/gcc/arm-none-eabi/11.3.1/../../../../arm-none-eabi/lib/thumb/v7e-m+fp/hard\librdimon_nano.a
LOAD D:/Installed Programs/STM32CubeIDE_1.13.2/STM32CubeIDE/plugins/com.st.stm32cube.ide.mcu.externaltools.gnu-tools-for-stm32.11.3.rel1.win32_1.1.1.202309131626/tools/bin/../lib/gcc/arm-none-eabi/11.3.1/../../../../arm-none-eabi/lib/thumb/v7e-m+fp/hard\libnosys.a
END GROUP
LOAD D:/Installed Programs/STM32CubeIDE_1.13.2/STM32CubeIDE/plugins/com.st.stm32cube.ide.mcu.externaltools.gnu-tools-for-stm32.11.3.rel1.win32_1.1.1.202309131626/tools/bin/../lib/gcc/arm-none-eabi/11.3.1/thumb/v7e-m+fp/hard/crtend.o
LOAD D:/Installed Programs/STM32CubeIDE_1.13.2/STM32CubeIDE/plugins/com.st.stm32cube.ide.mcu.externaltools.gnu-tools-for-stm32.11.3.rel1.win32_1.1.1.202309131626/tools/bin/../lib/gcc/arm-none-eabi/11.3.1/thumb/v7e-m+fp/hard/crtn.o
                0x0000000020010000                _estack = (ORIGIN (RAM) + LENGTH (RAM))
                0x0000000000000200                _Min_Heap_Size = 0x200
                0x0000000000000400                _Min_Stack_Size = 0x400

.isr_vector     0x0000000008000000      0x194
                0x0000000008000000                . = ALIGN (0x4)
 *(.isr_vector)
 .isr_vector    0x0000000008000000      0x194 ./Startup/startup_stm32f401ccux.o
                0x0000000008000000                g_pfnVectors
                0x0000000008000194                . = ALIGN (0x4)

.text           0x0000000008000194      0xd98
                0x0000000008000194                . = ALIGN (0x4)
 *(.text)
 .text          0x0000000008000194       0x40 D:/Installed Programs/STM32CubeIDE_1.13.2/STM32CubeIDE/plugins/com.st.stm32cube.ide.mcu.externaltools.gnu-tools-for-stm32.11.3.rel1.win32_1.1.1.202309131626/tools/bin/../lib/gcc/arm-none-eabi/11.3.1/thumb/v7e-m+fp/hard/crtbegin.o
 *(.text*)
 .text.HButton_init
                0x00000000080001d4       0x88 ./Src/HAL/BUTTON/BUTTON_program.o
                0x00000000080001d4                HButton_init
 .text.LED_voidInit
                0x000000000800025c       0x88 ./Src/HAL/LED/LED_program.o
                0x000000000800025c                LED_voidInit
 .text.LED_voidOn
                0x00000000080002e4       0x26 ./Src/HAL/LED/LED_program.o
                0x00000000080002e4                LED_voidOn
 .text.LED_voidOff
                0x000000000800030a       0x26 ./Src/HAL/LED/LED_program.o
                0x000000000800030a                LED_voidOff
 .text.LED_voidToggle
                0x0000000008000330       0x2e ./Src/HAL/LED/LED_program.o
                0x0000000008000330                LED_voidToggle
 *fill*         0x000000000800035e        0x2 
 .text.MEXTI_voidInit
                0x0000000008000360      0x21c ./Src/MCAL/EXTI/EXTI_program.o
                0x0000000008000360                MEXTI_voidInit
 .text.MEXTI_voidClearPendingFlag
                0x000000000800057c       0x30 ./Src/MCAL/EXTI/EXTI_program.o
                0x000000000800057c                MEXTI_voidClearPendingFlag
 .text.MEXTI_u8GetPendingFlag
                0x00000000080005ac       0x2c ./Src/MCAL/EXTI/EXTI_program.o
                0x00000000080005ac                MEXTI_u8GetPendingFlag
 .text.EXTI0_IRQHandler
                0x00000000080005d8       0x20 ./Src/MCAL/EXTI/EXTI_program.o
                0x00000000080005d8                EXTI0_IRQHandler
 .text.EXTI1_IRQHandler
                0x00000000080005f8       0x20 ./Src/MCAL/EXTI/EXTI_program.o
                0x00000000080005f8                EXTI1_IRQHandler
 .text.EXTI2_IRQHandler
                0x0000000008000618       0x20 ./Src/MCAL/EXTI/EXTI_program.o
                0x0000000008000618                EXTI2_IRQHandler
 .text.EXTI3_IRQHandler
                0x0000000008000638       0x20 ./Src/MCAL/EXTI/EXTI_program.o
                0x0000000008000638                EXTI3_IRQHandler
 .text.EXTI4_IRQHandler
                0x0000000008000658       0x20 ./Src/MCAL/EXTI/EXTI_program.o
                0x0000000008000658                EXTI4_IRQHandler
 .text.EXTI9_5_IRQHandler
                0x0000000008000678       0xb4 ./Src/MCAL/EXTI/EXTI_program.o
                0x0000000008000678                EXTI9_5_IRQHandler
 .text.EXTI15_10_IRQHandler
                0x000000000800072c       0xd8 ./Src/MCAL/EXTI/EXTI_program.o
                0x000000000800072c                EXTI15_10_IRQHandler
 .text.GPIO_voidSetPinMode
                0x0000000008000804       0xb4 ./Src/MCAL/GPIO/GPIO_program.o
                0x0000000008000804                GPIO_voidSetPinMode
 .text.GPIO_voidSetPinOutputMode
                0x00000000080008b8       0xa4 ./Src/MCAL/GPIO/GPIO_program.o
                0x00000000080008b8                GPIO_voidSetPinOutputMode
 .text.GPIO_voidSetPinOutputSpeed
                0x000000000800095c       0xb4 ./Src/MCAL/GPIO/GPIO_program.o
                0x000000000800095c                GPIO_voidSetPinOutputSpeed
 .text.GPIO_voidSetPinValue
                0x0000000008000a10       0xc0 ./Src/MCAL/GPIO/GPIO_program.o
                0x0000000008000a10                GPIO_voidSetPinValue
 .text.GPIO_voidSetPinPullUpDownResistor
                0x0000000008000ad0       0xb4 ./Src/MCAL/GPIO/GPIO_program.o
                0x0000000008000ad0                GPIO_voidSetPinPullUpDownResistor
 .text.MNVIC_voidInit
                0x0000000008000b84        0xc ./Src/MCAL/NVIC/NVIC_program.o
                0x0000000008000b84                MNVIC_voidInit
 .text.MNVIC_voidEnableIRQ
                0x0000000008000b90       0x3c ./Src/MCAL/NVIC/NVIC_program.o
                0x0000000008000b90                MNVIC_voidEnableIRQ
 .text.RCC_void_HSI_Init
                0x0000000008000bcc       0x60 ./Src/MCAL/RCC/RCC_program.o
 .text.RCC_void_AHB1Prescaler_Init
                0x0000000008000c2c       0x2c ./Src/MCAL/RCC/RCC_program.o
 .text.RCC_void_APB1Prescaler_Init
                0x0000000008000c58       0x28 ./Src/MCAL/RCC/RCC_program.o
 .text.RCC_void_APB2Prescaler_Init
                0x0000000008000c80       0x28 ./Src/MCAL/RCC/RCC_program.o
 .text.RCC_voidInit
                0x0000000008000ca8       0x18 ./Src/MCAL/RCC/RCC_program.o
                0x0000000008000ca8                RCC_voidInit
 .text.RCC_voidEnablePeripheralClock
                0x0000000008000cc0       0x80 ./Src/MCAL/RCC/RCC_program.o
                0x0000000008000cc0                RCC_voidEnablePeripheralClock
 .text.MSCB_voidSetPriorityGrouping
                0x0000000008000d40       0x48 ./Src/MCAL/SCB/SCB_program.o
                0x0000000008000d40                MSCB_voidSetPriorityGrouping
 .text.MSysTick_voidInit
                0x0000000008000d88       0x38 ./Src/MCAL/SYSTICK/SYSTICK_program.o
                0x0000000008000d88                MSysTick_voidInit
 .text.MSysTick_voidDeInit
                0x0000000008000dc0       0x38 ./Src/MCAL/SYSTICK/SYSTICK_program.o
                0x0000000008000dc0                MSysTick_voidDeInit
 .text.SysTick_Handler
                0x0000000008000df8       0x2c ./Src/MCAL/SYSTICK/SYSTICK_program.o
                0x0000000008000df8                SysTick_Handler
 .text.EXTI0_Handler
                0x0000000008000e24       0x14 ./Src/main.o
                0x0000000008000e24                EXTI0_Handler
 .text.main     0x0000000008000e38       0x2c ./Src/main.o
                0x0000000008000e38                main
 .text.SystemInit
                0x0000000008000e64       0x14 ./Startup/System_Init.o
                0x0000000008000e64                SystemInit
 .text.Reset_Handler
                0x0000000008000e78       0x50 ./Startup/startup_stm32f401ccux.o
                0x0000000008000e78                Reset_Handler
 .text.Default_Handler
                0x0000000008000ec8        0x2 ./Startup/startup_stm32f401ccux.o
                0x0000000008000ec8                DebugMon_Handler
                0x0000000008000ec8                SPI4_IRQHandler
                0x0000000008000ec8                TIM1_CC_IRQHandler
                0x0000000008000ec8                DMA2_Stream5_IRQHandler
                0x0000000008000ec8                HardFault_Handler
                0x0000000008000ec8                DMA1_Stream5_IRQHandler
                0x0000000008000ec8                SDIO_IRQHandler
                0x0000000008000ec8                TAMP_STAMP_IRQHandler
                0x0000000008000ec8                PendSV_Handler
                0x0000000008000ec8                NMI_Handler
                0x0000000008000ec8                TIM1_UP_TIM10_IRQHandler
                0x0000000008000ec8                I2C3_ER_IRQHandler
                0x0000000008000ec8                EXTI18_OTG_FS_WKUP_IRQHandler
                0x0000000008000ec8                I2C2_EV_IRQHandler
                0x0000000008000ec8                DMA1_Stream2_IRQHandler
                0x0000000008000ec8                UsageFault_Handler
                0x0000000008000ec8                DMA2_Stream2_IRQHandler
                0x0000000008000ec8                SPI1_IRQHandler
                0x0000000008000ec8                TIM1_BRK_TIM9_IRQHandler
                0x0000000008000ec8                DMA2_Stream3_IRQHandler
                0x0000000008000ec8                USART6_IRQHandler
                0x0000000008000ec8                DMA2_Stream0_IRQHandler
                0x0000000008000ec8                TIM4_IRQHandler
                0x0000000008000ec8                I2C1_EV_IRQHandler
                0x0000000008000ec8                DMA1_Stream6_IRQHandler
                0x0000000008000ec8                DMA1_Stream1_IRQHandler
                0x0000000008000ec8                TIM3_IRQHandler
                0x0000000008000ec8                RCC_IRQHandler
                0x0000000008000ec8                Default_Handler
                0x0000000008000ec8                ADC_IRQHandler
                0x0000000008000ec8                DMA1_Stream7_IRQHandler
                0x0000000008000ec8                TIM5_IRQHandler
                0x0000000008000ec8                DMA2_Stream7_IRQHandler
                0x0000000008000ec8                I2C3_EV_IRQHandler
                0x0000000008000ec8                SPI2_IRQHandler
                0x0000000008000ec8                MemManage_Handler
                0x0000000008000ec8                DMA1_Stream0_IRQHandler
                0x0000000008000ec8                SVC_Handler
                0x0000000008000ec8                EXTI22_RTC_WKUP_IRQHandler
                0x0000000008000ec8                TIM2_IRQHandler
                0x0000000008000ec8                EXTI16_PVD_IRQHandler
                0x0000000008000ec8                TIM1_TRG_COM_TIM11_IRQHandler
                0x0000000008000ec8                EXTI17_RTC_Alarm_IRQHandler
                0x0000000008000ec8                USART2_IRQHandler
                0x0000000008000ec8                I2C2_ER_IRQHandler
                0x0000000008000ec8                DMA2_Stream1_IRQHandler
                0x0000000008000ec8                FLASH_IRQHandler
                0x0000000008000ec8                DMA2_Stream4_IRQHandler
                0x0000000008000ec8                BusFault_Handler
                0x0000000008000ec8                USART1_IRQHandler
                0x0000000008000ec8                OTG_FS_IRQHandler
                0x0000000008000ec8                SPI3_IRQHandler
                0x0000000008000ec8                DMA1_Stream4_IRQHandler
                0x0000000008000ec8                I2C1_ER_IRQHandler
                0x0000000008000ec8                DMA2_Stream6_IRQHandler
                0x0000000008000ec8                DMA1_Stream3_IRQHandler
 *fill*         0x0000000008000eca        0x2 
 .text.__libc_init_array
                0x0000000008000ecc       0x48 D:/Installed Programs/STM32CubeIDE_1.13.2/STM32CubeIDE/plugins/com.st.stm32cube.ide.mcu.externaltools.gnu-tools-for-stm32.11.3.rel1.win32_1.1.1.202309131626/tools/bin/../lib/gcc/arm-none-eabi/11.3.1/../../../../arm-none-eabi/lib/thumb/v7e-m+fp/hard\libc_nano.a(libc_a-init.o)
                0x0000000008000ecc                __libc_init_array
 *(.glue_7)
 .glue_7        0x0000000008000f14        0x0 linker stubs
 *(.glue_7t)
 .glue_7t       0x0000000008000f14        0x0 linker stubs
 *(.eh_frame)
 .eh_frame      0x0000000008000f14        0x0 D:/Installed Programs/STM32CubeIDE_1.13.2/STM32CubeIDE/plugins/com.st.stm32cube.ide.mcu.externaltools.gnu-tools-for-stm32.11.3.rel1.win32_1.1.1.202309131626/tools/bin/../lib/gcc/arm-none-eabi/11.3.1/thumb/v7e-m+fp/hard/crtbegin.o
 *(.init)
 .init          0x0000000008000f14        0x4 D:/Installed Programs/STM32CubeIDE_1.13.2/STM32CubeIDE/plugins/com.st.stm32cube.ide.mcu.externaltools.gnu-tools-for-stm32.11.3.rel1.win32_1.1.1.202309131626/tools/bin/../lib/gcc/arm-none-eabi/11.3.1/thumb/v7e-m+fp/hard/crti.o
                0x0000000008000f14                _init
 .init          0x0000000008000f18        0x8 D:/Installed Programs/STM32CubeIDE_1.13.2/STM32CubeIDE/plugins/com.st.stm32cube.ide.mcu.externaltools.gnu-tools-for-stm32.11.3.rel1.win32_1.1.1.202309131626/tools/bin/../lib/gcc/arm-none-eabi/11.3.1/thumb/v7e-m+fp/hard/crtn.o
 *(.fini)
 .fini          0x0000000008000f20        0x4 D:/Installed Programs/STM32CubeIDE_1.13.2/STM32CubeIDE/plugins/com.st.stm32cube.ide.mcu.externaltools.gnu-tools-for-stm32.11.3.rel1.win32_1.1.1.202309131626/tools/bin/../lib/gcc/arm-none-eabi/11.3.1/thumb/v7e-m+fp/hard/crti.o
                0x0000000008000f20                _fini
 .fini          0x0000000008000f24        0x8 D:/Installed Programs/STM32CubeIDE_1.13.2/STM32CubeIDE/plugins/com.st.stm32cube.ide.mcu.externaltools.gnu-tools-for-stm32.11.3.rel1.win32_1.1.1.202309131626/tools/bin/../lib/gcc/arm-none-eabi/11.3.1/thumb/v7e-m+fp/hard/crtn.o
                0x0000000008000f2c                . = ALIGN (0x4)
                0x0000000008000f2c                _etext = .

.vfp11_veneer   0x0000000008000f2c        0x0
 .vfp11_veneer  0x0000000008000f2c        0x0 linker stubs

.v4_bx          0x0000000008000f2c        0x0
 .v4_bx         0x0000000008000f2c        0x0 linker stubs

.iplt           0x0000000008000f2c        0x0
 .iplt          0x0000000008000f2c        0x0 D:/Installed Programs/STM32CubeIDE_1.13.2/STM32CubeIDE/plugins/com.st.stm32cube.ide.mcu.externaltools.gnu-tools-for-stm32.11.3.rel1.win32_1.1.1.202309131626/tools/bin/../lib/gcc/arm-none-eabi/11.3.1/thumb/v7e-m+fp/hard/crtbegin.o

.rel.dyn        0x0000000008000f2c        0x0
 .rel.iplt      0x0000000008000f2c        0x0 D:/Installed Programs/STM32CubeIDE_1.13.2/STM32CubeIDE/plugins/com.st.stm32cube.ide.mcu.externaltools.gnu-tools-for-stm32.11.3.rel1.win32_1.1.1.202309131626/tools/bin/../lib/gcc/arm-none-eabi/11.3.1/thumb/v7e-m+fp/hard/crtbegin.o

.rodata         0x0000000008000f2c        0x0
                0x0000000008000f2c                . = ALIGN (0x4)
 *(.rodata)
 *(.rodata*)
                0x0000000008000f2c                . = ALIGN (0x4)

.ARM.extab      0x0000000008000f2c        0x0
                0x0000000008000f2c                . = ALIGN (0x4)
 *(.ARM.extab* .gnu.linkonce.armextab.*)
                0x0000000008000f2c                . = ALIGN (0x4)

.ARM            0x0000000008000f2c        0x0
                0x0000000008000f2c                . = ALIGN (0x4)
                0x0000000008000f2c                __exidx_start = .
 *(.ARM.exidx*)
                0x0000000008000f2c                __exidx_end = .
                0x0000000008000f2c                . = ALIGN (0x4)

.preinit_array  0x0000000008000f2c        0x0
                0x0000000008000f2c                . = ALIGN (0x4)
                0x0000000008000f2c                PROVIDE (__preinit_array_start = .)
 *(.preinit_array*)
                0x0000000008000f2c                PROVIDE (__preinit_array_end = .)
                0x0000000008000f2c                . = ALIGN (0x4)

.init_array     0x0000000008000f2c        0x4
                0x0000000008000f2c                . = ALIGN (0x4)
                0x0000000008000f2c                PROVIDE (__init_array_start = .)
 *(SORT_BY_NAME(.init_array.*))
 *(.init_array*)
 .init_array    0x0000000008000f2c        0x4 D:/Installed Programs/STM32CubeIDE_1.13.2/STM32CubeIDE/plugins/com.st.stm32cube.ide.mcu.externaltools.gnu-tools-for-stm32.11.3.rel1.win32_1.1.1.202309131626/tools/bin/../lib/gcc/arm-none-eabi/11.3.1/thumb/v7e-m+fp/hard/crtbegin.o
                0x0000000008000f30                PROVIDE (__init_array_end = .)
                0x0000000008000f30                . = ALIGN (0x4)

.fini_array     0x0000000008000f30        0x4
                0x0000000008000f30                . = ALIGN (0x4)
                [!provide]                        PROVIDE (__fini_array_start = .)
 *(SORT_BY_NAME(.fini_array.*))
 *(.fini_array*)
 .fini_array    0x0000000008000f30        0x4 D:/Installed Programs/STM32CubeIDE_1.13.2/STM32CubeIDE/plugins/com.st.stm32cube.ide.mcu.externaltools.gnu-tools-for-stm32.11.3.rel1.win32_1.1.1.202309131626/tools/bin/../lib/gcc/arm-none-eabi/11.3.1/thumb/v7e-m+fp/hard/crtbegin.o
                [!provide]                        PROVIDE (__fini_array_end = .)
                0x0000000008000f34                . = ALIGN (0x4)
                0x0000000008000f34                _sidata = LOADADDR (.data)

.data           0x0000000020000000        0x8 load address 0x0000000008000f34
                0x0000000020000000                . = ALIGN (0x4)
                0x0000000020000000                _sdata = .
 *(.data)
 *(.data*)
 .data.btn1     0x0000000020000000        0x4 ./Src/HAL/BUTTON/BUTTON_Lcfg.o
                0x0000000020000000                btn1
 .data.led_red1
                0x0000000020000004        0x3 ./Src/HAL/LED/LED_LCFG.o
                0x0000000020000004                led_red1
 *(.RamFunc)
 *(.RamFunc*)
                0x0000000020000008                . = ALIGN (0x4)
 *fill*         0x0000000020000007        0x1 
                0x0000000020000008                _edata = .

.igot.plt       0x0000000020000008        0x0 load address 0x0000000008000f3c
 .igot.plt      0x0000000020000008        0x0 D:/Installed Programs/STM32CubeIDE_1.13.2/STM32CubeIDE/plugins/com.st.stm32cube.ide.mcu.externaltools.gnu-tools-for-stm32.11.3.rel1.win32_1.1.1.202309131626/tools/bin/../lib/gcc/arm-none-eabi/11.3.1/thumb/v7e-m+fp/hard/crtbegin.o
                0x0000000020000008                . = ALIGN (0x4)

.bss            0x0000000020000008       0x68 load address 0x0000000008000f3c
                0x0000000020000008                _sbss = .
                0x0000000020000008                __bss_start__ = _sbss
 *(.bss)
 .bss           0x0000000020000008       0x1c D:/Installed Programs/STM32CubeIDE_1.13.2/STM32CubeIDE/plugins/com.st.stm32cube.ide.mcu.externaltools.gnu-tools-for-stm32.11.3.rel1.win32_1.1.1.202309131626/tools/bin/../lib/gcc/arm-none-eabi/11.3.1/thumb/v7e-m+fp/hard/crtbegin.o
 *(.bss*)
 .bss.EXTI0_CONFIG
                0x0000000020000024        0x4 ./Src/MCAL/EXTI/EXTI_Lcfg.o
                0x0000000020000024                EXTI0_CONFIG
 .bss.EXTI_pNotificationFunction
                0x0000000020000028       0x40 ./Src/MCAL/EXTI/EXTI_program.o
 .bss.SysTick_CallBack
                0x0000000020000068        0x4 ./Src/MCAL/SYSTICK/SYSTICK_program.o
                0x0000000020000068                SysTick_CallBack
 .bss.SysTick_Mode
                0x000000002000006c        0x1 ./Src/MCAL/SYSTICK/SYSTICK_program.o
                0x000000002000006c                SysTick_Mode
 *(COMMON)
                0x0000000020000070                . = ALIGN (0x4)
 *fill*         0x000000002000006d        0x3 
                0x0000000020000070                _ebss = .
                0x0000000020000070                __bss_end__ = _ebss

._user_heap_stack
                0x0000000020000070      0x600 load address 0x0000000008000f3c
                0x0000000020000070                . = ALIGN (0x8)
                0x0000000020000070                PROVIDE (end = .)
                0x0000000020000070                PROVIDE (_end = .)
                0x0000000020000270                . = (. + _Min_Heap_Size)
 *fill*         0x0000000020000070      0x200 
                0x0000000020000670                . = (. + _Min_Stack_Size)
 *fill*         0x0000000020000270      0x400 
                0x0000000020000670                . = ALIGN (0x8)

/DISCARD/
 libc.a(*)
 libm.a(*)
 libgcc.a(*)

.ARM.attributes
                0x0000000000000000       0x30
 *(.ARM.attributes)
 .ARM.attributes
                0x0000000000000000       0x1e D:/Installed Programs/STM32CubeIDE_1.13.2/STM32CubeIDE/plugins/com.st.stm32cube.ide.mcu.externaltools.gnu-tools-for-stm32.11.3.rel1.win32_1.1.1.202309131626/tools/bin/../lib/gcc/arm-none-eabi/11.3.1/thumb/v7e-m+fp/hard/crti.o
 .ARM.attributes
                0x000000000000001e       0x34 D:/Installed Programs/STM32CubeIDE_1.13.2/STM32CubeIDE/plugins/com.st.stm32cube.ide.mcu.externaltools.gnu-tools-for-stm32.11.3.rel1.win32_1.1.1.202309131626/tools/bin/../lib/gcc/arm-none-eabi/11.3.1/thumb/v7e-m+fp/hard/crtbegin.o
 .ARM.attributes
                0x0000000000000052       0x34 ./Src/HAL/BUTTON/BUTTON_Lcfg.o
 .ARM.attributes
                0x0000000000000086       0x34 ./Src/HAL/BUTTON/BUTTON_program.o
 .ARM.attributes
                0x00000000000000ba       0x34 ./Src/HAL/LED/LED_LCFG.o
 .ARM.attributes
                0x00000000000000ee       0x34 ./Src/HAL/LED/LED_program.o
 .ARM.attributes
                0x0000000000000122       0x34 ./Src/MCAL/EXTI/EXTI_Lcfg.o
 .ARM.attributes
                0x0000000000000156       0x34 ./Src/MCAL/EXTI/EXTI_program.o
 .ARM.attributes
                0x000000000000018a       0x34 ./Src/MCAL/GPIO/GPIO_program.o
 .ARM.attributes
                0x00000000000001be       0x34 ./Src/MCAL/NVIC/NVIC_program.o
 .ARM.attributes
                0x00000000000001f2       0x34 ./Src/MCAL/RCC/RCC_program.o
 .ARM.attributes
                0x0000000000000226       0x34 ./Src/MCAL/SCB/SCB_program.o
 .ARM.attributes
                0x000000000000025a       0x34 ./Src/MCAL/SYSTICK/SYSTICK_program.o
 .ARM.attributes
                0x000000000000028e       0x34 ./Src/main.o
 .ARM.attributes
                0x00000000000002c2       0x34 ./Startup/System_Init.o
 .ARM.attributes
                0x00000000000002f6       0x21 ./Startup/startup_stm32f401ccux.o
 .ARM.attributes
                0x0000000000000317       0x34 D:/Installed Programs/STM32CubeIDE_1.13.2/STM32CubeIDE/plugins/com.st.stm32cube.ide.mcu.externaltools.gnu-tools-for-stm32.11.3.rel1.win32_1.1.1.202309131626/tools/bin/../lib/gcc/arm-none-eabi/11.3.1/../../../../arm-none-eabi/lib/thumb/v7e-m+fp/hard\libc_nano.a(libc_a-init.o)
 .ARM.attributes
                0x000000000000034b       0x1e D:/Installed Programs/STM32CubeIDE_1.13.2/STM32CubeIDE/plugins/com.st.stm32cube.ide.mcu.externaltools.gnu-tools-for-stm32.11.3.rel1.win32_1.1.1.202309131626/tools/bin/../lib/gcc/arm-none-eabi/11.3.1/thumb/v7e-m+fp/hard/crtn.o
OUTPUT(STM32F401CCU6_COTS.elf elf32-littlearm)
LOAD linker stubs
LOAD D:/Installed Programs/STM32CubeIDE_1.13.2/STM32CubeIDE/plugins/com.st.stm32cube.ide.mcu.externaltools.gnu-tools-for-stm32.11.3.rel1.win32_1.1.1.202309131626/tools/bin/../lib/gcc/arm-none-eabi/11.3.1/../../../../arm-none-eabi/lib/thumb/v7e-m+fp/hard\libc.a
LOAD D:/Installed Programs/STM32CubeIDE_1.13.2/STM32CubeIDE/plugins/com.st.stm32cube.ide.mcu.externaltools.gnu-tools-for-stm32.11.3.rel1.win32_1.1.1.202309131626/tools/bin/../lib/gcc/arm-none-eabi/11.3.1/../../../../arm-none-eabi/lib/thumb/v7e-m+fp/hard\libm.a
LOAD D:/Installed Programs/STM32CubeIDE_1.13.2/STM32CubeIDE/plugins/com.st.stm32cube.ide.mcu.externaltools.gnu-tools-for-stm32.11.3.rel1.win32_1.1.1.202309131626/tools/bin/../lib/gcc/arm-none-eabi/11.3.1/thumb/v7e-m+fp/hard\libgcc.a

.comment        0x0000000000000000       0x43
 .comment       0x0000000000000000       0x43 D:/Installed Programs/STM32CubeIDE_1.13.2/STM32CubeIDE/plugins/com.st.stm32cube.ide.mcu.externaltools.gnu-tools-for-stm32.11.3.rel1.win32_1.1.1.202309131626/tools/bin/../lib/gcc/arm-none-eabi/11.3.1/thumb/v7e-m+fp/hard/crtbegin.o
                                         0x44 (size before relaxing)
 .comment       0x0000000000000043       0x44 ./Src/HAL/BUTTON/BUTTON_Lcfg.o
 .comment       0x0000000000000043       0x44 ./Src/HAL/BUTTON/BUTTON_program.o
 .comment       0x0000000000000043       0x44 ./Src/HAL/LED/LED_LCFG.o
 .comment       0x0000000000000043       0x44 ./Src/HAL/LED/LED_program.o
 .comment       0x0000000000000043       0x44 ./Src/MCAL/EXTI/EXTI_Lcfg.o
 .comment       0x0000000000000043       0x44 ./Src/MCAL/EXTI/EXTI_program.o
 .comment       0x0000000000000043       0x44 ./Src/MCAL/GPIO/GPIO_program.o
 .comment       0x0000000000000043       0x44 ./Src/MCAL/NVIC/NVIC_program.o
 .comment       0x0000000000000043       0x44 ./Src/MCAL/RCC/RCC_program.o
 .comment       0x0000000000000043       0x44 ./Src/MCAL/SCB/SCB_program.o
 .comment       0x0000000000000043       0x44 ./Src/MCAL/SYSTICK/SYSTICK_program.o
 .comment       0x0000000000000043       0x44 ./Src/main.o
 .comment       0x0000000000000043       0x44 ./Startup/System_Init.o

.debug_info     0x0000000000000000     0x2507
 .debug_info    0x0000000000000000      0x1a9 ./Src/HAL/BUTTON/BUTTON_Lcfg.o
 .debug_info    0x00000000000001a9      0x2e2 ./Src/HAL/BUTTON/BUTTON_program.o
 .debug_info    0x000000000000048b      0x208 ./Src/HAL/LED/LED_LCFG.o
 .debug_info    0x0000000000000693      0x2fe ./Src/HAL/LED/LED_program.o
 .debug_info    0x0000000000000991      0x1a6 ./Src/MCAL/EXTI/EXTI_Lcfg.o
 .debug_info    0x0000000000000b37      0x59f ./Src/MCAL/EXTI/EXTI_program.o
 .debug_info    0x00000000000010d6      0x500 ./Src/MCAL/GPIO/GPIO_program.o
 .debug_info    0x00000000000015d6      0x4da ./Src/MCAL/NVIC/NVIC_program.o
 .debug_info    0x0000000000001ab0      0x192 ./Src/MCAL/RCC/RCC_program.o
 .debug_info    0x0000000000001c42      0x158 ./Src/MCAL/SCB/SCB_program.o
 .debug_info    0x0000000000001d9a      0x2d9 ./Src/MCAL/SYSTICK/SYSTICK_program.o
 .debug_info    0x0000000000002073      0x3e7 ./Src/main.o
 .debug_info    0x000000000000245a       0x8a ./Startup/System_Init.o
 .debug_info    0x00000000000024e4       0x23 ./Startup/startup_stm32f401ccux.o

.debug_abbrev   0x0000000000000000      0xc43
 .debug_abbrev  0x0000000000000000       0x98 ./Src/HAL/BUTTON/BUTTON_Lcfg.o
 .debug_abbrev  0x0000000000000098      0x126 ./Src/HAL/BUTTON/BUTTON_program.o
 .debug_abbrev  0x00000000000001be       0x9e ./Src/HAL/LED/LED_LCFG.o
 .debug_abbrev  0x000000000000025c       0xf9 ./Src/HAL/LED/LED_program.o
 .debug_abbrev  0x0000000000000355       0x9a ./Src/MCAL/EXTI/EXTI_Lcfg.o
 .debug_abbrev  0x00000000000003ef      0x17f ./Src/MCAL/EXTI/EXTI_program.o
 .debug_abbrev  0x000000000000056e      0x13f ./Src/MCAL/GPIO/GPIO_program.o
 .debug_abbrev  0x00000000000006ad      0x16f ./Src/MCAL/NVIC/NVIC_program.o
 .debug_abbrev  0x000000000000081c       0x9d ./Src/MCAL/RCC/RCC_program.o
 .debug_abbrev  0x00000000000008b9       0xcf ./Src/MCAL/SCB/SCB_program.o
 .debug_abbrev  0x0000000000000988      0x15a ./Src/MCAL/SYSTICK/SYSTICK_program.o
 .debug_abbrev  0x0000000000000ae2       0xf6 ./Src/main.o
 .debug_abbrev  0x0000000000000bd8       0x59 ./Startup/System_Init.o
 .debug_abbrev  0x0000000000000c31       0x12 ./Startup/startup_stm32f401ccux.o

.debug_aranges  0x0000000000000000      0x3a8
 .debug_aranges
                0x0000000000000000       0x18 ./Src/HAL/BUTTON/BUTTON_Lcfg.o
 .debug_aranges
                0x0000000000000018       0x28 ./Src/HAL/BUTTON/BUTTON_program.o
 .debug_aranges
                0x0000000000000040       0x18 ./Src/HAL/LED/LED_LCFG.o
 .debug_aranges
                0x0000000000000058       0x38 ./Src/HAL/LED/LED_program.o
 .debug_aranges
                0x0000000000000090       0x18 ./Src/MCAL/EXTI/EXTI_Lcfg.o
 .debug_aranges
                0x00000000000000a8       0x88 ./Src/MCAL/EXTI/EXTI_program.o
 .debug_aranges
                0x0000000000000130       0x88 ./Src/MCAL/GPIO/GPIO_program.o
 .debug_aranges
                0x00000000000001b8       0x68 ./Src/MCAL/NVIC/NVIC_program.o
 .debug_aranges
                0x0000000000000220       0x70 ./Src/MCAL/RCC/RCC_program.o
 .debug_aranges
                0x0000000000000290       0x28 ./Src/MCAL/SCB/SCB_program.o
 .debug_aranges
                0x00000000000002b8       0x80 ./Src/MCAL/SYSTICK/SYSTICK_program.o
 .debug_aranges
                0x0000000000000338       0x28 ./Src/main.o
 .debug_aranges
                0x0000000000000360       0x20 ./Startup/System_Init.o
 .debug_aranges
                0x0000000000000380       0x28 ./Startup/startup_stm32f401ccux.o

.debug_macro    0x0000000000000000     0x155a
 .debug_macro   0x0000000000000000       0x6f ./Src/HAL/BUTTON/BUTTON_Lcfg.o
 .debug_macro   0x000000000000006f      0xaae ./Src/HAL/BUTTON/BUTTON_Lcfg.o
 .debug_macro   0x0000000000000b1d       0x34 ./Src/HAL/BUTTON/BUTTON_Lcfg.o
 .debug_macro   0x0000000000000b51       0x16 ./Src/HAL/BUTTON/BUTTON_Lcfg.o
 .debug_macro   0x0000000000000b67       0x52 ./Src/HAL/BUTTON/BUTTON_Lcfg.o
 .debug_macro   0x0000000000000bb9       0xe2 ./Src/HAL/BUTTON/BUTTON_Lcfg.o
 .debug_macro   0x0000000000000c9b       0x6f ./Src/HAL/BUTTON/BUTTON_program.o
 .debug_macro   0x0000000000000d0a       0x65 ./Src/HAL/LED/LED_LCFG.o
 .debug_macro   0x0000000000000d6f       0x65 ./Src/HAL/LED/LED_program.o
 .debug_macro   0x0000000000000dd4       0x37 ./Src/MCAL/EXTI/EXTI_Lcfg.o
 .debug_macro   0x0000000000000e0b       0x65 ./Src/MCAL/EXTI/EXTI_program.o
 .debug_macro   0x0000000000000e70       0x2e ./Src/MCAL/EXTI/EXTI_program.o
 .debug_macro   0x0000000000000e9e       0x45 ./Src/MCAL/GPIO/GPIO_program.o
 .debug_macro   0x0000000000000ee3      0x11e ./Src/MCAL/GPIO/GPIO_program.o
 .debug_macro   0x0000000000001001       0x45 ./Src/MCAL/NVIC/NVIC_program.o
 .debug_macro   0x0000000000001046       0x28 ./Src/MCAL/NVIC/NVIC_program.o
 .debug_macro   0x000000000000106e       0x16 ./Src/MCAL/NVIC/NVIC_program.o
 .debug_macro   0x0000000000001084       0x44 ./Src/MCAL/RCC/RCC_program.o
 .debug_macro   0x00000000000010c8       0x3a ./Src/MCAL/RCC/RCC_program.o
 .debug_macro   0x0000000000001102      0x1f6 ./Src/MCAL/RCC/RCC_program.o
 .debug_macro   0x00000000000012f8       0x44 ./Src/MCAL/SCB/SCB_program.o
 .debug_macro   0x000000000000133c       0x28 ./Src/MCAL/SCB/SCB_program.o
 .debug_macro   0x0000000000001364       0x10 ./Src/MCAL/SCB/SCB_program.o
 .debug_macro   0x0000000000001374       0x3f ./Src/MCAL/SYSTICK/SYSTICK_program.o
 .debug_macro   0x00000000000013b3       0x22 ./Src/MCAL/SYSTICK/SYSTICK_program.o
 .debug_macro   0x00000000000013d5       0x76 ./Src/MCAL/SYSTICK/SYSTICK_program.o
 .debug_macro   0x000000000000144b       0xb9 ./Src/main.o
 .debug_macro   0x0000000000001504       0x56 ./Startup/System_Init.o

.debug_line     0x0000000000000000     0x209c
 .debug_line    0x0000000000000000      0x196 ./Src/HAL/BUTTON/BUTTON_Lcfg.o
 .debug_line    0x0000000000000196      0x23a ./Src/HAL/BUTTON/BUTTON_program.o
 .debug_line    0x00000000000003d0      0x20f ./Src/HAL/LED/LED_LCFG.o
 .debug_line    0x00000000000005df      0x29c ./Src/HAL/LED/LED_program.o
 .debug_line    0x000000000000087b       0xa9 ./Src/MCAL/EXTI/EXTI_Lcfg.o
 .debug_line    0x0000000000000924      0x53f ./Src/MCAL/EXTI/EXTI_program.o
 .debug_line    0x0000000000000e63      0x3ea ./Src/MCAL/GPIO/GPIO_program.o
 .debug_line    0x000000000000124d      0x257 ./Src/MCAL/NVIC/NVIC_program.o
 .debug_line    0x00000000000014a4      0x2a2 ./Src/MCAL/RCC/RCC_program.o
 .debug_line    0x0000000000001746       0xf8 ./Src/MCAL/SCB/SCB_program.o
 .debug_line    0x000000000000183e      0x367 ./Src/MCAL/SYSTICK/SYSTICK_program.o
 .debug_line    0x0000000000001ba5      0x31d ./Src/main.o
 .debug_line    0x0000000000001ec2      0x15f ./Startup/System_Init.o
 .debug_line    0x0000000000002021       0x7b ./Startup/startup_stm32f401ccux.o

.debug_str      0x0000000000000000     0x64ae
 .debug_str     0x0000000000000000     0x358f ./Src/HAL/BUTTON/BUTTON_Lcfg.o
                                       0x35d3 (size before relaxing)
 .debug_str     0x000000000000358f      0x1ae ./Src/HAL/BUTTON/BUTTON_program.o
                                       0x3741 (size before relaxing)
 .debug_str     0x000000000000373d       0xb9 ./Src/HAL/LED/LED_LCFG.o
                                       0x3588 (size before relaxing)
 .debug_str     0x00000000000037f6      0x185 ./Src/HAL/LED/LED_program.o
                                       0x3734 (size before relaxing)
 .debug_str     0x000000000000397b      0x235 ./Src/MCAL/EXTI/EXTI_Lcfg.o
                                       0x319f (size before relaxing)
 .debug_str     0x0000000000003bb0      0x6fb ./Src/MCAL/EXTI/EXTI_program.o
                                       0x3b0b (size before relaxing)
 .debug_str     0x00000000000042ab      0xad6 ./Src/MCAL/GPIO/GPIO_program.o
                                       0x3f46 (size before relaxing)
 .debug_str     0x0000000000004d81      0x2cb ./Src/MCAL/NVIC/NVIC_program.o
                                       0x3623 (size before relaxing)
 .debug_str     0x000000000000504c      0xcfb ./Src/MCAL/RCC/RCC_program.o
                                       0x3f18 (size before relaxing)
 .debug_str     0x0000000000005d47      0x1b4 ./Src/MCAL/SCB/SCB_program.o
                                       0x31f2 (size before relaxing)
 .debug_str     0x0000000000005efb      0x536 ./Src/MCAL/SYSTICK/SYSTICK_program.o
                                       0x34b5 (size before relaxing)
 .debug_str     0x0000000000006431       0x2a ./Src/main.o
                                       0x3896 (size before relaxing)
 .debug_str     0x000000000000645b       0x24 ./Startup/System_Init.o
                                       0x3279 (size before relaxing)
 .debug_str     0x000000000000647f       0x2f ./Startup/startup_stm32f401ccux.o
                                         0x78 (size before relaxing)

.debug_rnglists
                0x0000000000000000      0x264
 .debug_rnglists
                0x0000000000000000       0x1a ./Src/HAL/BUTTON/BUTTON_program.o
 .debug_rnglists
                0x000000000000001a       0x26 ./Src/HAL/LED/LED_program.o
 .debug_rnglists
                0x0000000000000040       0x65 ./Src/MCAL/EXTI/EXTI_program.o
 .debug_rnglists
                0x00000000000000a5       0x6a ./Src/MCAL/GPIO/GPIO_program.o
 .debug_rnglists
                0x000000000000010f       0x49 ./Src/MCAL/NVIC/NVIC_program.o
 .debug_rnglists
                0x0000000000000158       0x52 ./Src/MCAL/RCC/RCC_program.o
 .debug_rnglists
                0x00000000000001aa       0x19 ./Src/MCAL/SCB/SCB_program.o
 .debug_rnglists
                0x00000000000001c3       0x5c ./Src/MCAL/SYSTICK/SYSTICK_program.o
 .debug_rnglists
                0x000000000000021f       0x19 ./Src/main.o
 .debug_rnglists
                0x0000000000000238       0x13 ./Startup/System_Init.o
 .debug_rnglists
                0x000000000000024b       0x19 ./Startup/startup_stm32f401ccux.o

.debug_frame    0x0000000000000000      0xb24
 .debug_frame   0x0000000000000000       0x58 ./Src/HAL/BUTTON/BUTTON_program.o
 .debug_frame   0x0000000000000058       0xa0 ./Src/HAL/LED/LED_program.o
 .debug_frame   0x00000000000000f8      0x1e8 ./Src/MCAL/EXTI/EXTI_program.o
 .debug_frame   0x00000000000002e0      0x240 ./Src/MCAL/GPIO/GPIO_program.o
 .debug_frame   0x0000000000000520      0x190 ./Src/MCAL/NVIC/NVIC_program.o
 .debug_frame   0x00000000000006b0      0x18c ./Src/MCAL/RCC/RCC_program.o
 .debug_frame   0x000000000000083c       0x60 ./Src/MCAL/SCB/SCB_program.o
 .debug_frame   0x000000000000089c      0x1e8 ./Src/MCAL/SYSTICK/SYSTICK_program.o
 .debug_frame   0x0000000000000a84       0x48 ./Src/main.o
 .debug_frame   0x0000000000000acc       0x2c ./Startup/System_Init.o
 .debug_frame   0x0000000000000af8       0x2c D:/Installed Programs/STM32CubeIDE_1.13.2/STM32CubeIDE/plugins/com.st.stm32cube.ide.mcu.externaltools.gnu-tools-for-stm32.11.3.rel1.win32_1.1.1.202309131626/tools/bin/../lib/gcc/arm-none-eabi/11.3.1/../../../../arm-none-eabi/lib/thumb/v7e-m+fp/hard\libc_nano.a(libc_a-init.o)

.debug_line_str
                0x0000000000000000       0x6c
 .debug_line_str
                0x0000000000000000       0x6c ./Startup/startup_stm32f401ccux.o
                                         0x84 (size before relaxing)
