../Src/MCAL/DMA/DMA_program.c:42:13:DMA_Interrupt_Init	16	static
../Src/MCAL/DMA/DMA_program.c:110:6:MDMA_voidInit	16	static
../Src/MCAL/DMA/DMA_program.c:140:6:MDMA_voidStart	24	static
../Src/MCAL/DMA/DMA_program.c:150:6:DMA1_Stream0_IRQHandler	8	static
../Src/MCAL/DMA/DMA_program.c:158:6:DMA1_Stream1_IRQHandler	8	static
../Src/MCAL/DMA/DMA_program.c:165:6:DMA1_Stream2_IRQHandler	8	static
../Src/MCAL/DMA/DMA_program.c:172:6:DMA1_Stream3_IRQHandler	8	static
../Src/MCAL/DMA/DMA_program.c:180:6:DMA1_Stream4_IRQHandler	8	static
../Src/MCAL/DMA/DMA_program.c:187:6:DMA1_Stream5_IRQHandler	8	static
../Src/MCAL/DMA/DMA_program.c:194:6:DMA1_Stream6_IRQHandler	8	static
../Src/MCAL/DMA/DMA_program.c:201:6:DMA1_Stream7_IRQHandler	8	static
../Src/MCAL/DMA/DMA_program.c:210:6:DMA2_Stream0_IRQHandler	8	static
../Src/MCAL/DMA/DMA_program.c:218:6:DMA2_Stream1_IRQHandler	8	static
../Src/MCAL/DMA/DMA_program.c:225:6:DMA2_Stream2_IRQHandler	8	static
../Src/MCAL/DMA/DMA_program.c:232:6:DMA2_Stream3_IRQHandler	8	static
../Src/MCAL/DMA/DMA_program.c:240:6:DMA2_Stream4_IRQHandler	8	static
../Src/MCAL/DMA/DMA_program.c:247:6:DMA2_Stream5_IRQHandler	8	static
../Src/MCAL/DMA/DMA_program.c:254:6:DMA2_Stream6_IRQHandler	8	static
../Src/MCAL/DMA/DMA_program.c:261:6:DMA2_Stream7_IRQHandler	8	static
